
> pepinetupdater@0.0.0 build
> vite build

[36mvite v5.4.19 [32mbuilding for production...[36m[39m
transforming...
npm : Browserslist: browsers data 
(caniuse-lite) is 10 months old. Please run:
At line:1 char:1
+ npm run build > build_output.txt 2>&1
+ ~~~~~~~~~~~~~~~~~~~~~~~~~~~~~~~~~~~~~
    + CategoryInfo          : NotSpecified: 
    (Browserslist: b...ld. Please run::Str  
  ing) [], RemoteException
    + FullyQualifiedErrorId : NativeCommand 
   Error
 
  npx update-browserslist-db@latest
  Why you should do it regularly: https://gi
thub.com/browserslist/update-db#readme
[32mΓ£ô[39m 3205 modules transformed.
rendering chunks...
computing gzip size...
[2mdist/[22m[32mindex.html                     [39m[1m[2m    1.52 kB[22m[1m[22m[2m Γöé gzip:   0.60 kB[22m
[2mdist/[22m[32massets/pepi-logo-B_PEpkOZ.png  [39m[1m[2m    7.22 kB[22m[1m[22m
[2mdist/[22m[35massets/index-0XfG7Z-N.css      [39m[1m[2m   96.57 kB[22m[1m[22m[2m Γöé gzip:  16.32 kB[22m
[2mdist/[22m[36massets/index-M1Tc2iWd.js       [39m[1m[33m1,824.25 kB[39m[22m[2m Γöé gzip: 531.82 kB[22m
[33m
(!) Some chunks are larger than 500 kB 
after minification. Consider:
- Using dynamic import() to code-split the 
application
- Use 
build.rollupOptions.output.manualChunks to 
improve chunking: https://rollupjs.org/confi
guration-options/#output-manualchunks
- Adjust chunk size limit for this warning 
via build.chunkSizeWarningLimit.[39m
[32mΓ£ô built in 10.19s[39m
